Info: Starting: Create block symbol file (.bsf)
Info: qsys-generate C:\Users\stani\OneDrive\Pulpit\Magisterka\repo\soc-performance-analyzer\FPGA\SK_module\Avalon_MM_Slave.qsys --block-symbol-file --output-directory=C:\Users\stani\OneDrive\Pulpit\Magisterka\repo\soc-performance-analyzer\FPGA\SK_module\Avalon_MM_Slave --family="Cyclone V" --part=5CSEMA4U23C6
Progress: Loading SK_module/Avalon_MM_Slave.qsys
Progress: Reading input file
Progress: Adding mm_slave_bfm_0 [altera_avalon_mm_slave_bfm 18.1]
Info: altera_avalon_mm_slave_bfm: Preferred Simulation Language is set to None.
Progress: Parameterizing module mm_slave_bfm_0
Progress: Building connections
Progress: Parameterizing connections
Progress: Validating
Progress: Done reading input file
Info: qsys-generate succeeded.
Info: Finished: Create block symbol file (.bsf)
Info: 
Info: Starting: Create HDL design files for synthesis
Info: qsys-generate C:\Users\stani\OneDrive\Pulpit\Magisterka\repo\soc-performance-analyzer\FPGA\SK_module\Avalon_MM_Slave.qsys --synthesis=VERILOG --output-directory=C:\Users\stani\OneDrive\Pulpit\Magisterka\repo\soc-performance-analyzer\FPGA\SK_module\Avalon_MM_Slave\synthesis --family="Cyclone V" --part=5CSEMA4U23C6
Progress: Loading SK_module/Avalon_MM_Slave.qsys
Progress: Reading input file
Progress: Adding mm_slave_bfm_0 [altera_avalon_mm_slave_bfm 18.1]
Progress: Parameterizing module mm_slave_bfm_0
Progress: Building connections
Progress: Parameterizing connections
Progress: Validating
Progress: Done reading input file
Info: Avalon_MM_Slave: Generating Avalon_MM_Slave "Avalon_MM_Slave" for QUARTUS_SYNTH
Info: mm_slave_bfm_0: "Avalon_MM_Slave" instantiated altera_avalon_mm_slave_bfm "mm_slave_bfm_0"
Info: Avalon_MM_Slave: Done "Avalon_MM_Slave" with 2 modules, 5 files
Info: qsys-generate succeeded.
Info: Finished: Create HDL design files for synthesis
